// Jest Snapshot v1, https://goo.gl/fbAQLP

exports[`L1_NovaExecutionManager exec/execWithRecipient should properly execute a minimal exec 1`] = `143365`;

exports[`L1_NovaExecutionManager exec/execWithRecipient should properly execute a stateful exec 1`] = `163341`;

exports[`L1_NovaExecutionManager exec/execWithRecipient soft revert should not exec to revert 1`] = `158499`;

exports[`L1_NovaExecutionManager transferFromRelayer should transfer an arbitrary token to a strategy when requested 1`] = `188090`;
