// Jest Snapshot v1, https://goo.gl/fbAQLP

exports[`L2_NovaRegistry claimInputTokens allows claiming input tokens for a reverted request 1`] = `63828`;

exports[`L2_NovaRegistry claimInputTokens allows claiming input tokens for an executed request 1`] = `80940`;

exports[`L2_NovaRegistry execCompleted allows completing a request that overflows gas usage 1`] = `83552`;

exports[`L2_NovaRegistry execCompleted allows completing a request with input tokens 1`] = `90238`;

exports[`L2_NovaRegistry execCompleted allows completing a resubmitted request 1`] = `94427`;

exports[`L2_NovaRegistry execCompleted allows completing a reverted request with input tokens 1`] = `90220`;

exports[`L2_NovaRegistry execCompleted allows completing a simple request 1`] = `90238`;

exports[`L2_NovaRegistry execCompleted allows completing an uncled request before it dies 1`] = `90230`;

exports[`L2_NovaRegistry relockTokens allows relocking tokens 1`] = `34715`;

exports[`L2_NovaRegistry requestExec allows a simple request with 2 input tokens 1`] = `333744`;

exports[`L2_NovaRegistry requestExec allows making a simple request 1`] = `206050`;

exports[`L2_NovaRegistry requestExec allows making a simple request with one input token 1`] = `297842`;

exports[`L2_NovaRegistry requestExecWithTimeout should allow a simple request with minimum timeout 1`] = `200368`;

exports[`L2_NovaRegistry speedUpRequest allows speeding up a request scheduled to unlock after switch 1`] = `258124`;

exports[`L2_NovaRegistry speedUpRequest allows speeding up a simple request 1`] = `258113`;

exports[`L2_NovaRegistry unlockTokens allows unlocking a valid request 1`] = `57226`;

exports[`L2_NovaRegistry unlockTokens allows unlocking a valid request with input tokens 1`] = `57226`;

exports[`L2_NovaRegistry withdrawTokens allows withdrawing from a request with input tokens 1`] = `103839`;

exports[`L2_NovaRegistry withdrawTokens allows withdrawing tokens from a simple request 1`] = `73190`;
